{
  "workflowRunCount" : 1,
  "studies" : [ "ABvsInvitrogenReagentComp" ],
  "sequencerRuns" : [ "111027_SN203_0127_BC08J8ACXX", "111110_h1080_0084_AC08UPACXX" ],
  "lanes" : [ "111027_SN203_0127_BC08J8ACXX_lane_7", "111027_SN203_0127_BC08J8ACXX_lane_8", "111110_h1080_0084_AC08UPACXX_lane_5", "111110_h1080_0084_AC08UPACXX_lane_6" ],
  "samples" : [ "PCSI_0100_Ly_R_PE_446_EX", "PCSI_0112_Ly_R_PE_446_EX", "PCSI_0115_Ly_R_PE_449_EX", "PCSI_0116_Sp_R_PE_444_EX", "PCSI_0117_St_R_PE_434_EX", "PCSI_0118_Sp_R_PE_432_EX", "PCSI_0119_Sp_R_PE_428_EX", "PCSI_0120_St_R_PE_420_EX" ],
  "workflows" : [ "FingerprintCollector" ],
  "processingAlgorithms" : [ "ProvisionFiles" ],
  "fileMetaTypes" : [ "application/vcf-4-gzip" ],
  "maxInputFiles" : 8,
  "minInputFiles" : 8,
  "totalInputFiles" : 8,
  "workflowRuns" : [ {
    "workflowIni" : {
      "allow_singletons" : "false",
      "check_points" : "400",
      "checked_snps" : "/.mounts/labs/PDE/data/SampleFingerprinting/snps/dbsnp137.hg19.402.overlap.vcf.gz",
      "data_dir" : "data",
      "existing_matrix" : "",
      "genome_file" : "/.mounts/labs/PDE/data/SampleFingerprinting/fasta/hg19.fa",
      "manual_output" : "false",
      "metadata" : "metadata",
      "mixed_coverage" : "false",
      "output_dir" : "seqware-results",
      "queue" : "",
      "samtools_version" : "0.1.19",
      "study_name" : "ABvsInvitrogenReagentComp",
      "tabix_version" : "0.2.6",
      "vcftools_version" : "0.1.10",
      "watchers_list" : "pruzanov@oicr.on.ca"
    },
    "files" : [ {
      "studyTitle" : [ "ABvsInvitrogenReagentComp" ],
      "studyAttributes" : {
        "study.geo_lab_group_id" : [ [ "53" ] ]
      },
      "experimentName" : [ "Geo_ABvsInvitrogenReagentComp_ILLUMINA_EX_{F*101}{..}{R*101}" ],
      "experimentAttributes" : { },
      "sampleName" : [ "PCSI_0100_Ly_R_PE_446_EX" ],
      "sampleAttributes" : {
        "sample.geo_library_source_template_type" : [ [ "EX" ] ],
        "sample.geo_prep_kit" : [ [ "GA_multiplex" ] ],
        "sample.geo_reaction_id" : [ [ "5388" ] ],
        "sample.geo_run_id_and_position_and_slot" : [ [ "852_7_1" ] ],
        "sample.geo_targeted_resequencing" : [ [ "Agilent SureSelect ICGC/Sanger Exon" ] ],
        "sample.geo_template_id" : [ [ "14420" ] ],
        "sample.geo_template_type" : [ [ "Illumina PE Library Seq" ] ],
        "sample.geo_tissue_origin" : [ [ "Ly" ] ],
        "sample.geo_tissue_type" : [ [ "R" ] ]
      },
      "sequencerRunName" : [ "111027_SN203_0127_BC08J8ACXX" ],
      "sequencerRunAttributes" : {
        "sequencerrun.geo_instrument_run_id" : [ [ "852" ] ]
      },
      "laneName" : [ "111027_SN203_0127_BC08J8ACXX_lane_7" ],
      "laneAttributes" : {
        "lane.geo_lane" : [ [ "7" ] ]
      },
      "iusTag" : [ "ATCACG" ],
      "iusAttributes" : { },
      "workflowName" : [ "FingerprintCollector" ],
      "processingAlgorithm" : [ "ProvisionFiles" ],
      "processingAttributes" : { },
      "fileMetaType" : [ "application/vcf-4-gzip" ],
      "fileAttributes" : { },
      "fileId" : -644279185
    }, {
      "studyTitle" : [ "ABvsInvitrogenReagentComp" ],
      "studyAttributes" : {
        "study.geo_lab_group_id" : [ [ "53" ] ]
      },
      "experimentName" : [ "Geo_ABvsInvitrogenReagentComp_ILLUMINA_EX_{F*101}{..}{R*101}" ],
      "experimentAttributes" : { },
      "sampleName" : [ "PCSI_0112_Ly_R_PE_446_EX" ],
      "sampleAttributes" : {
        "sample.geo_library_source_template_type" : [ [ "EX" ] ],
        "sample.geo_prep_kit" : [ [ "GA_multiplex" ] ],
        "sample.geo_reaction_id" : [ [ "5389" ] ],
        "sample.geo_run_id_and_position_and_slot" : [ [ "852_7_1" ] ],
        "sample.geo_targeted_resequencing" : [ [ "Agilent SureSelect ICGC/Sanger Exon" ] ],
        "sample.geo_template_id" : [ [ "14422" ] ],
        "sample.geo_template_type" : [ [ "Illumina PE Library Seq" ] ],
        "sample.geo_tissue_origin" : [ [ "Ly" ] ],
        "sample.geo_tissue_type" : [ [ "R" ] ]
      },
      "sequencerRunName" : [ "111027_SN203_0127_BC08J8ACXX" ],
      "sequencerRunAttributes" : {
        "sequencerrun.geo_instrument_run_id" : [ [ "852" ] ]
      },
      "laneName" : [ "111027_SN203_0127_BC08J8ACXX_lane_7" ],
      "laneAttributes" : {
        "lane.geo_lane" : [ [ "7" ] ]
      },
      "iusTag" : [ "CGATGT" ],
      "iusAttributes" : { },
      "workflowName" : [ "FingerprintCollector" ],
      "processingAlgorithm" : [ "ProvisionFiles" ],
      "processingAttributes" : { },
      "fileMetaType" : [ "application/vcf-4-gzip" ],
      "fileAttributes" : { },
      "fileId" : -707794550
    }, {
      "studyTitle" : [ "ABvsInvitrogenReagentComp" ],
      "studyAttributes" : {
        "study.geo_lab_group_id" : [ [ "53" ] ]
      },
      "experimentName" : [ "Geo_ABvsInvitrogenReagentComp_ILLUMINA_EX_{F*101}{..}{R*101}" ],
      "experimentAttributes" : { },
      "sampleName" : [ "PCSI_0115_Ly_R_PE_449_EX" ],
      "sampleAttributes" : {
        "sample.geo_library_source_template_type" : [ [ "EX" ] ],
        "sample.geo_prep_kit" : [ [ "GA_multiplex" ] ],
        "sample.geo_reaction_id" : [ [ "5390" ] ],
        "sample.geo_run_id_and_position_and_slot" : [ [ "852_7_1" ] ],
        "sample.geo_targeted_resequencing" : [ [ "Agilent SureSelect ICGC/Sanger Exon" ] ],
        "sample.geo_template_id" : [ [ "14424" ] ],
        "sample.geo_template_type" : [ [ "Illumina PE Library Seq" ] ],
        "sample.geo_tissue_origin" : [ [ "Ly" ] ],
        "sample.geo_tissue_type" : [ [ "R" ] ]
      },
      "sequencerRunName" : [ "111027_SN203_0127_BC08J8ACXX" ],
      "sequencerRunAttributes" : {
        "sequencerrun.geo_instrument_run_id" : [ [ "852" ] ]
      },
      "laneName" : [ "111027_SN203_0127_BC08J8ACXX_lane_7" ],
      "laneAttributes" : {
        "lane.geo_lane" : [ [ "7" ] ]
      },
      "iusTag" : [ "TTAGGC" ],
      "iusAttributes" : { },
      "workflowName" : [ "FingerprintCollector" ],
      "processingAlgorithm" : [ "ProvisionFiles" ],
      "processingAttributes" : { },
      "fileMetaType" : [ "application/vcf-4-gzip" ],
      "fileAttributes" : { },
      "fileId" : -361551691
    }, {
      "studyTitle" : [ "ABvsInvitrogenReagentComp" ],
      "studyAttributes" : {
        "study.geo_lab_group_id" : [ [ "53" ] ]
      },
      "experimentName" : [ "Geo_ABvsInvitrogenReagentComp_ILLUMINA_EX_{F*101}{..}{R*101}" ],
      "experimentAttributes" : { },
      "sampleName" : [ "PCSI_0116_Sp_R_PE_444_EX" ],
      "sampleAttributes" : {
        "sample.geo_library_source_template_type" : [ [ "EX" ] ],
        "sample.geo_prep_kit" : [ [ "GA_multiplex" ] ],
        "sample.geo_reaction_id" : [ [ "5391" ] ],
        "sample.geo_run_id_and_position_and_slot" : [ [ "852_8_1" ] ],
        "sample.geo_targeted_resequencing" : [ [ "Agilent SureSelect ICGC/Sanger Exon" ] ],
        "sample.geo_template_id" : [ [ "14426" ] ],
        "sample.geo_template_type" : [ [ "Illumina PE Library Seq" ] ],
        "sample.geo_tissue_origin" : [ [ "Sp" ] ],
        "sample.geo_tissue_type" : [ [ "R" ] ]
      },
      "sequencerRunName" : [ "111027_SN203_0127_BC08J8ACXX" ],
      "sequencerRunAttributes" : {
        "sequencerrun.geo_instrument_run_id" : [ [ "852" ] ]
      },
      "laneName" : [ "111027_SN203_0127_BC08J8ACXX_lane_8" ],
      "laneAttributes" : {
        "lane.geo_lane" : [ [ "8" ] ]
      },
      "iusTag" : [ "TGACCA" ],
      "iusAttributes" : { },
      "workflowName" : [ "FingerprintCollector" ],
      "processingAlgorithm" : [ "ProvisionFiles" ],
      "processingAttributes" : { },
      "fileMetaType" : [ "application/vcf-4-gzip" ],
      "fileAttributes" : { },
      "fileId" : -469723414
    }, {
      "studyTitle" : [ "ABvsInvitrogenReagentComp" ],
      "studyAttributes" : {
        "study.geo_lab_group_id" : [ [ "53" ] ]
      },
      "experimentName" : [ "Geo_ABvsInvitrogenReagentComp_ILLUMINA_EX_{F*101}{..}{R*101}" ],
      "experimentAttributes" : { },
      "sampleName" : [ "PCSI_0117_St_R_PE_434_EX" ],
      "sampleAttributes" : {
        "sample.geo_library_source_template_type" : [ [ "EX" ] ],
        "sample.geo_prep_kit" : [ [ "GA_multiplex" ] ],
        "sample.geo_reaction_id" : [ [ "5392" ] ],
        "sample.geo_run_id_and_position_and_slot" : [ [ "852_8_1" ] ],
        "sample.geo_targeted_resequencing" : [ [ "Agilent SureSelect ICGC/Sanger Exon" ] ],
        "sample.geo_template_id" : [ [ "14428" ] ],
        "sample.geo_template_type" : [ [ "Illumina PE Library Seq" ] ],
        "sample.geo_tissue_origin" : [ [ "St" ] ],
        "sample.geo_tissue_type" : [ [ "R" ] ]
      },
      "sequencerRunName" : [ "111027_SN203_0127_BC08J8ACXX" ],
      "sequencerRunAttributes" : {
        "sequencerrun.geo_instrument_run_id" : [ [ "852" ] ]
      },
      "laneName" : [ "111027_SN203_0127_BC08J8ACXX_lane_8" ],
      "laneAttributes" : {
        "lane.geo_lane" : [ [ "8" ] ]
      },
      "iusTag" : [ "ACAGTG" ],
      "iusAttributes" : { },
      "workflowName" : [ "FingerprintCollector" ],
      "processingAlgorithm" : [ "ProvisionFiles" ],
      "processingAttributes" : { },
      "fileMetaType" : [ "application/vcf-4-gzip" ],
      "fileAttributes" : { },
      "fileId" : 288821238
    }, {
      "studyTitle" : [ "ABvsInvitrogenReagentComp" ],
      "studyAttributes" : {
        "study.geo_lab_group_id" : [ [ "53" ] ]
      },
      "experimentName" : [ "Geo_ABvsInvitrogenReagentComp_ILLUMINA_EX_{F*101}{..}{R*101}" ],
      "experimentAttributes" : { },
      "sampleName" : [ "PCSI_0118_Sp_R_PE_432_EX" ],
      "sampleAttributes" : {
        "sample.geo_library_source_template_type" : [ [ "EX" ] ],
        "sample.geo_prep_kit" : [ [ "GA_multiplex" ] ],
        "sample.geo_reaction_id" : [ [ "5393" ] ],
        "sample.geo_run_id_and_position_and_slot" : [ [ "852_8_1" ] ],
        "sample.geo_targeted_resequencing" : [ [ "Agilent SureSelect ICGC/Sanger Exon" ] ],
        "sample.geo_template_id" : [ [ "14430" ] ],
        "sample.geo_template_type" : [ [ "Illumina PE Library Seq" ] ],
        "sample.geo_tissue_origin" : [ [ "Sp" ] ],
        "sample.geo_tissue_type" : [ [ "R" ] ]
      },
      "sequencerRunName" : [ "111027_SN203_0127_BC08J8ACXX" ],
      "sequencerRunAttributes" : {
        "sequencerrun.geo_instrument_run_id" : [ [ "852" ] ]
      },
      "laneName" : [ "111027_SN203_0127_BC08J8ACXX_lane_8" ],
      "laneAttributes" : {
        "lane.geo_lane" : [ [ "8" ] ]
      },
      "iusTag" : [ "GCCAAT" ],
      "iusAttributes" : { },
      "workflowName" : [ "FingerprintCollector" ],
      "processingAlgorithm" : [ "ProvisionFiles" ],
      "processingAttributes" : { },
      "fileMetaType" : [ "application/vcf-4-gzip" ],
      "fileAttributes" : { },
      "fileId" : 519845759
    }, {
      "studyTitle" : [ "ABvsInvitrogenReagentComp" ],
      "studyAttributes" : {
        "study.geo_lab_group_id" : [ [ "53" ] ]
      },
      "experimentName" : [ "Geo_ABvsInvitrogenReagentComp_ILLUMINA_EX_{F*101}{..}{R*101}" ],
      "experimentAttributes" : { },
      "sampleName" : [ "PCSI_0119_Sp_R_PE_428_EX" ],
      "sampleAttributes" : {
        "sample.geo_library_source_template_type" : [ [ "EX" ] ],
        "sample.geo_prep_kit" : [ [ "GA_multiplex" ] ],
        "sample.geo_reaction_id" : [ [ "5394" ] ],
        "sample.geo_run_id_and_position_and_slot" : [ [ "860_5_1" ] ],
        "sample.geo_targeted_resequencing" : [ [ "Agilent SureSelect ICGC/Sanger Exon" ] ],
        "sample.geo_template_id" : [ [ "14432" ] ],
        "sample.geo_template_type" : [ [ "Illumina PE Library Seq" ] ],
        "sample.geo_tissue_origin" : [ [ "Sp" ] ],
        "sample.geo_tissue_type" : [ [ "R" ] ]
      },
      "sequencerRunName" : [ "111110_h1080_0084_AC08UPACXX" ],
      "sequencerRunAttributes" : {
        "sequencerrun.geo_instrument_run_id" : [ [ "860" ] ]
      },
      "laneName" : [ "111110_h1080_0084_AC08UPACXX_lane_5" ],
      "laneAttributes" : {
        "lane.geo_lane" : [ [ "5" ] ]
      },
      "iusTag" : [ "CAGATC" ],
      "iusAttributes" : { },
      "workflowName" : [ "FingerprintCollector" ],
      "processingAlgorithm" : [ "ProvisionFiles" ],
      "processingAttributes" : { },
      "fileMetaType" : [ "application/vcf-4-gzip" ],
      "fileAttributes" : { },
      "fileId" : 1016308153
    }, {
      "studyTitle" : [ "ABvsInvitrogenReagentComp" ],
      "studyAttributes" : {
        "study.geo_lab_group_id" : [ [ "53" ] ]
      },
      "experimentName" : [ "Geo_ABvsInvitrogenReagentComp_ILLUMINA_EX_{F*101}{..}{R*101}" ],
      "experimentAttributes" : { },
      "sampleName" : [ "PCSI_0120_St_R_PE_420_EX" ],
      "sampleAttributes" : {
        "sample.geo_library_source_template_type" : [ [ "EX" ] ],
        "sample.geo_prep_kit" : [ [ "GA_multiplex" ] ],
        "sample.geo_reaction_id" : [ [ "5395" ] ],
        "sample.geo_run_id_and_position_and_slot" : [ [ "860_6_1" ] ],
        "sample.geo_targeted_resequencing" : [ [ "Agilent SureSelect ICGC/Sanger Exon" ] ],
        "sample.geo_template_id" : [ [ "14434" ] ],
        "sample.geo_template_type" : [ [ "Illumina PE Library Seq" ] ],
        "sample.geo_tissue_origin" : [ [ "St" ] ],
        "sample.geo_tissue_type" : [ [ "R" ] ]
      },
      "sequencerRunName" : [ "111110_h1080_0084_AC08UPACXX" ],
      "sequencerRunAttributes" : {
        "sequencerrun.geo_instrument_run_id" : [ [ "860" ] ]
      },
      "laneName" : [ "111110_h1080_0084_AC08UPACXX_lane_6" ],
      "laneAttributes" : {
        "lane.geo_lane" : [ [ "6" ] ]
      },
      "iusTag" : [ "ACTTGA" ],
      "iusAttributes" : { },
      "workflowName" : [ "FingerprintCollector" ],
      "processingAlgorithm" : [ "ProvisionFiles" ],
      "processingAttributes" : { },
      "fileMetaType" : [ "application/vcf-4-gzip" ],
      "fileAttributes" : { },
      "fileId" : 16812309
    } ]
  } ]
}