{
  "workflowRunCount" : 1,
  "studies" : [ "AshPC" ],
  "sequencerRuns" : [ "140716_SN7001179_0200_BC52T4ACXX" ],
  "lanes" : [ "140716_SN7001179_0200_BC52T4ACXX_lane_3" ],
  "samples" : [ "ASHPC_0027_Pa_P_PE_719_WG" ],
  "workflows" : [ "FingerprintCollector" ],
  "processingAlgorithms" : [ "ProvisionFiles" ],
  "fileMetaTypes" : [ "application/vcf-4-gzip" ],
  "maxInputFiles" : 1,
  "minInputFiles" : 1,
  "totalInputFiles" : 1,
  "workflowRuns" : [ {
    "workflowIni" : {
      "allow_singletons" : "false",
      "check_points" : "400",
      "checked_snps" : "/.mounts/labs/PDE/data/SampleFingerprinting/snps/dbsnp137.hg19.402.overlap.vcf.gz",
      "data_dir" : "data",
      "existing_matrix" : "",
      "genome_file" : "/.mounts/labs/PDE/data/SampleFingerprinting/fasta/hg19.fa",
      "manual_output" : "false",
      "metadata" : "metadata",
      "mixed_coverage" : "false",
      "output_dir" : "seqware-results",
      "queue" : "",
      "samtools_version" : "0.1.19",
      "study_name" : "AshPC",
      "tabix_version" : "0.2.6",
      "vcftools_version" : "0.1.10",
      "watchers_list" : "pruzanov@oicr.on.ca"
    },
    "files" : [ {
      "studyTitle" : [ "AshPC" ],
      "studyAttributes" : {
        "study.geo_lab_group_id" : [ [ "156" ] ]
      },
      "experimentName" : [ "Geo_AshPC_ILLUMINA_WG_{F*101}{..}{R*101}" ],
      "experimentAttributes" : { },
      "sampleName" : [ "ASHPC_0027_Pa_P_PE_719_WG" ],
      "sampleAttributes" : {
        "sample.geo_library_source_template_type" : [ [ "WG" ] ],
        "sample.geo_run_id_and_position_and_slot" : [ [ "1715_1_1", "1715_2_1", "1715_3_1", "1715_4_1", "1715_5_1", "1736_3_2", "1994_3_2" ] ],
        "sample.geo_template_id" : [ [ "52430" ] ],
        "sample.geo_template_type" : [ [ "Illumina PE Library Seq" ] ],
        "sample.geo_tissue_origin" : [ [ "Pa" ] ],
        "sample.geo_tissue_type" : [ [ "P" ] ]
      },
      "sequencerRunName" : [ "140716_SN7001179_0200_BC52T4ACXX" ],
      "sequencerRunAttributes" : {
        "sequencerrun.geo_instrument_run_id" : [ [ "1994" ] ]
      },
      "laneName" : [ "140716_SN7001179_0200_BC52T4ACXX_lane_3" ],
      "laneAttributes" : {
        "lane.geo_lane" : [ [ "3" ] ]
      },
      "iusTag" : [ "NoIndex" ],
      "iusAttributes" : { },
      "workflowName" : [ "FingerprintCollector" ],
      "processingAlgorithm" : [ "ProvisionFiles" ],
      "processingAttributes" : { },
      "fileMetaType" : [ "application/vcf-4-gzip" ],
      "fileAttributes" : { },
      "fileId" : -1051809594
    } ]
  } ]
}