{
  "workflowRunCount" : 1,
  "studies" : [ "PCSI" ],
  "sequencerRuns" : [ "130321_SN203_0175_AC1MWPACXX" ],
  "lanes" : [ "130321_SN203_0175_AC1MWPACXX_lane_1", "130321_SN203_0175_AC1MWPACXX_lane_2" ],
  "samples" : [ "PCSI_0191_Pa_P_PE_410_EX", "PCSI_0191_St_R_PE_391_EX" ],
  "workflows" : [ "GenomicAlignmentNovoalign" ],
  "processingAlgorithms" : [ "PicardAddReadGroups" ],
  "fileMetaTypes" : [ "application/bam" ],
  "maxInputFiles" : 2,
  "minInputFiles" : 2,
  "totalInputFiles" : 2,
  "workflowRuns" : [ {
    "workflowIni" : {
      "bundled_jre" : "jre1.7.0_51",
      "check_points" : "400",
      "checked_snps" : "/.mounts/labs/PDE/data/SampleFingerprinting/snps/dbsnp137.hg19.402.overlap.vcf.gz",
      "data_dir" : "data",
      "dcov" : "200",
      "gatk_java" : "${workflow_bundle_dir}/Workflow_Bundle_FingerprintCollector/1.1.2/bin/jre1.7.0_51/bin/java",
      "gatk_memory" : "5000",
      "gatk_prefix" : "./",
      "gatk_version" : "2.7-2-g6bda569",
      "genome_file" : "/.mounts/labs/PDE/data/SampleFingerprinting/fasta/hg19.fa",
      "manual_output" : "false",
      "metadata" : "metadata",
      "output_dir" : "seqware-results",
      "picard_memory" : "7000",
      "picard_version" : "1.72",
      "preprocess_bam" : "false",
      "provision_vcfs" : "true",
      "queue" : "",
      "rg_details" : "531707:Illumina:130321_SN203_0175_AC1MWPACXX_2_TAGCTT:PCSI_0191_St_R_PE_391_EX:PCSI_0191,531686:Illumina:130321_SN203_0175_AC1MWPACXX_1_GGCTAC:PCSI_0191_Pa_P_PE_410_EX:PCSI_0191",
      "stand_call_conf" : "50.0",
      "stand_emit_conf" : "10.0",
      "study_name" : "PCSI",
      "tabix_version" : "0.2.6",
      "vcftools_version" : "0.1.10"
    },
    "files" : [ {
      "studyTitle" : [ "PCSI" ],
      "studyAttributes" : {
        "study.geo_lab_group_id" : [ [ "33" ] ]
      },
      "experimentName" : [ "Geo_PCSI_ILLUMINA_EX_{F*101}{..}{R*101}" ],
      "experimentAttributes" : { },
      "sampleName" : [ "PCSI_0191_Pa_P_PE_410_EX" ],
      "sampleAttributes" : {
        "sample.geo_library_source_template_type" : [ [ "EX" ] ],
        "sample.geo_run_id_and_position_and_slot" : [ [ "1355_1_1" ] ],
        "sample.geo_targeted_resequencing" : [ [ "Agilent SureSelect ICGC/Sanger Exon" ] ],
        "sample.geo_template_id" : [ [ "29956" ] ],
        "sample.geo_template_type" : [ [ "Illumina PE Library Seq" ] ],
        "sample.geo_tissue_origin" : [ [ "Pa" ] ],
        "sample.geo_tissue_type" : [ [ "P" ] ]
      },
      "sequencerRunName" : [ "130321_SN203_0175_AC1MWPACXX" ],
      "sequencerRunAttributes" : {
        "sequencerrun.geo_instrument_run_id" : [ [ "1355" ] ]
      },
      "laneName" : [ "130321_SN203_0175_AC1MWPACXX_lane_1" ],
      "laneAttributes" : {
        "lane.geo_lane" : [ [ "1" ] ]
      },
      "iusTag" : [ "GGCTAC" ],
      "iusAttributes" : { },
      "workflowName" : [ "GenomicAlignmentNovoalign" ],
      "processingAlgorithm" : [ "PicardAddReadGroups" ],
      "processingAttributes" : { },
      "fileMetaType" : [ "application/bam" ],
      "fileAttributes" : { },
      "fileId" : 424962649
    }, {
      "studyTitle" : [ "PCSI" ],
      "studyAttributes" : {
        "study.geo_lab_group_id" : [ [ "33" ] ]
      },
      "experimentName" : [ "Geo_PCSI_ILLUMINA_EX_{F*101}{..}{R*101}" ],
      "experimentAttributes" : { },
      "sampleName" : [ "PCSI_0191_St_R_PE_391_EX" ],
      "sampleAttributes" : {
        "sample.geo_library_source_template_type" : [ [ "EX" ] ],
        "sample.geo_run_id_and_position_and_slot" : [ [ "1355_2_1" ] ],
        "sample.geo_targeted_resequencing" : [ [ "Agilent SureSelect ICGC/Sanger Exon" ] ],
        "sample.geo_template_id" : [ [ "29974" ] ],
        "sample.geo_template_type" : [ [ "Illumina PE Library Seq" ] ],
        "sample.geo_tissue_origin" : [ [ "St" ] ],
        "sample.geo_tissue_type" : [ [ "R" ] ]
      },
      "sequencerRunName" : [ "130321_SN203_0175_AC1MWPACXX" ],
      "sequencerRunAttributes" : {
        "sequencerrun.geo_instrument_run_id" : [ [ "1355" ] ]
      },
      "laneName" : [ "130321_SN203_0175_AC1MWPACXX_lane_2" ],
      "laneAttributes" : {
        "lane.geo_lane" : [ [ "2" ] ]
      },
      "iusTag" : [ "TAGCTT" ],
      "iusAttributes" : { },
      "workflowName" : [ "GenomicAlignmentNovoalign" ],
      "processingAlgorithm" : [ "PicardAddReadGroups" ],
      "processingAttributes" : { },
      "fileMetaType" : [ "application/bam" ],
      "fileAttributes" : { },
      "fileId" : -1089989556
    } ]
  } ]
}